[German Credit] Loading from UCI repository...
  Shape: (1000, 20)  |  Classes: [np.int64(1), np.int64(2)]
  Class balance:
 0    0.7
1    0.3
Name: proportion, dtype: float64
  [FairPreprocess] Dropped: ['Attribute9', 'Attribute13']
============================================================
Model: CART  |  Dataset: german
Params: max_depth=6, min_samples_split=10, min_samples_leaf=5
============================================================
Test accuracy:           0.7200
Majority-class baseline: 0.7000
Split features (40): Attribute1, Attribute14, Attribute2, Attribute7, Attribute4, Attribute3, Attribute6, Attribute3, Attribute5, Attribute17, Attribute5, Attribute2, Attribute4, Attribute1, Attribute8, Attribute1, Attribute8, Attribute4, Attribute5, Attribute6, Attribute4, Attribute5, Attribute5, Attribute5, Attribute4, Attribute5, Attribute12, Attribute4, Attribute5, Attribute4, Attribute7, Attribute4, Attribute12, Attribute5, Attribute4, Attribute6, Attribute12, Attribute4, Attribute4, Attribute15

Fairness — Attribute9:
           Group       n       Acc   PosRate
------------------------------------------------
               A91       9    0.6667    0.2222 (!)
               A92      61    0.6230    0.1803
               A93     118    0.7627    0.3051
               A94      12    0.8333    0.2500 (!)
------------------------------------------------
  (!) n<50: A91(n=9), A94(n=12)
  Statistical parity diff:  0.1248  (max - min pos rate)
  Disparate impact ratio:   0.5911  (<0.8 usually unfair)
  Equal opportunity diff:   0.4176  (TPR gap)
  [FairCalibrate] SP diff: 0.1248 → 0.0405 (target rate=0.2600)

Fairness — Attribute9 (calibrated):
           Group       n       Acc   PosRate
------------------------------------------------
               A91       9    0.6667    0.2222 (!)
               A92      61    0.7049    0.2623
               A93     118    0.8051    0.2627
               A94      12    0.8333    0.2500 (!)
------------------------------------------------
  (!) n<50: A91(n=9), A94(n=12)
  Statistical parity diff:  0.0004  (max - min pos rate)
  Disparate impact ratio:   0.9984  (<0.8 usually unfair)
  Equal opportunity diff:   0.1676  (TPR gap)
  Calibrated accuracy: 0.7700 (was 0.7200, Δ=+0.0500)

Fairness — Attribute13:
           Group       n       Acc   PosRate
------------------------------------------------
                20       2    0.5000    0.5000 (!)
                21       4    0.7500    0.2500 (!)
                22       4    0.2500    0.5000 (!)
                23      17    0.7647    0.3529 (!)
                24      12    0.5833    0.0833 (!)
                25       5    0.8000    0.0000 (!)
                26      11    0.7273    0.0909 (!)
                27       5    0.6000    0.4000 (!)
                28       9    0.5556    0.4444 (!)
                29      10    0.7000    0.3000 (!)
                30       4    0.2500    1.0000 (!)
                31       7    0.7143    0.4286 (!)
                32       6    0.8333    0.5000 (!)
                33       5    0.8000    0.0000 (!)
                34       4    0.7500    0.2500 (!)
                35       5    0.8000    0.2000 (!)
                36       6    0.8333    0.0000 (!)
                37       8    0.7500    0.2500 (!)
                38       3    0.6667    0.3333 (!)
                39       2    1.0000    0.0000 (!)
                40       7    0.8571    0.2857 (!)
                41       4    1.0000    0.0000 (!)
                42       6    0.6667    0.1667 (!)
                43       4    0.5000    0.2500 (!)
                44       2    1.0000    0.5000 (!)
                45       3    1.0000    0.0000 (!)
                46       1    1.0000    0.0000 (!)
                47       5    0.6000    0.2000 (!)
                48       4    1.0000    0.2500 (!)
                49       3    1.0000    0.0000 (!)
                50       3    1.0000    0.3333 (!)
                51       2    0.5000    0.0000 (!)
                52       1    1.0000    0.0000 (!)
                53       2    1.0000    0.5000 (!)
                54       3    0.6667    0.0000 (!)
                55       1    0.0000    1.0000 (!)
                56       1    1.0000    0.0000 (!)
                57       2    1.0000    0.0000 (!)
                58       1    0.0000    1.0000 (!)
                59       1    1.0000    0.0000 (!)
                60       2    0.5000    1.0000 (!)
                61       2    1.0000    0.0000 (!)
                63       4    0.5000    0.5000 (!)
                64       2    0.5000    0.5000 (!)
                67       1    1.0000    0.0000 (!)
                68       2    0.5000    0.0000 (!)
                74       1    1.0000    0.0000 (!)
                75       1    1.0000    0.0000 (!)
------------------------------------------------
  (!) n<50: 20(n=2), 21(n=4), 22(n=4), 23(n=17), 24(n=12), 25(n=5), 26(n=11), 27(n=5), 28(n=9), 29(n=10), 30(n=4), 31(n=7), 32(n=6), 33(n=5), 34(n=4), 35(n=5), 36(n=6), 37(n=8), 38(n=3), 39(n=2), 40(n=7), 41(n=4), 42(n=6), 43(n=4), 44(n=2), 45(n=3), 46(n=1), 47(n=5), 48(n=4), 49(n=3), 50(n=3), 51(n=2), 52(n=1), 53(n=2), 54(n=3), 55(n=1), 56(n=1), 57(n=2), 58(n=1), 59(n=1), 60(n=2), 61(n=2), 63(n=4), 64(n=2), 67(n=1), 68(n=2), 74(n=1), 75(n=1)
  Too few large groups for fairness comparison.
  [FairCalibrate] SP diff: 1.0000 → 0.5000 (target rate=0.2600)

Fairness — Attribute13 (calibrated):
           Group       n       Acc   PosRate
------------------------------------------------
                20       2    0.5000    0.5000 (!)
                21       4    0.7500    0.2500 (!)
                22       4    0.5000    0.2500 (!)
                23      17    0.6471    0.2353 (!)
                24      12    0.7500    0.2500 (!)
                25       5    1.0000    0.2000 (!)
                26      11    0.9091    0.2727 (!)
                27       5    0.8000    0.2000 (!)
                28       9    0.7778    0.2222 (!)
                29      10    0.7000    0.3000 (!)
                30       4    1.0000    0.2500 (!)
                31       7    0.8571    0.2857 (!)
                32       6    1.0000    0.3333 (!)
                33       5    1.0000    0.2000 (!)
                34       4    0.7500    0.2500 (!)
                35       5    0.8000    0.2000 (!)
                36       6    0.5000    0.3333 (!)
                37       8    0.7500    0.2500 (!)
                38       3    0.6667    0.3333 (!)
                39       2    0.5000    0.5000 (!)
                40       7    0.8571    0.2857 (!)
                41       4    0.7500    0.2500 (!)
                42       6    0.8333    0.3333 (!)
                43       4    0.5000    0.2500 (!)
                44       2    1.0000    0.5000 (!)
                45       3    0.6667    0.3333 (!)
                46       1    1.0000    0.0000 (!)
                47       5    0.6000    0.2000 (!)
                48       4    1.0000    0.2500 (!)
                49       3    0.6667    0.3333 (!)
                50       3    1.0000    0.3333 (!)
                51       2    1.0000    0.5000 (!)
                52       1    1.0000    0.0000 (!)
                53       2    1.0000    0.5000 (!)
                54       3    1.0000    0.3333 (!)
                55       1    1.0000    0.0000 (!)
                56       1    1.0000    0.0000 (!)
                57       2    0.5000    0.5000 (!)
                58       1    1.0000    0.0000 (!)
                59       1    1.0000    0.0000 (!)
                60       2    1.0000    0.5000 (!)
                61       2    0.5000    0.5000 (!)
                63       4    0.7500    0.2500 (!)
                64       2    0.5000    0.5000 (!)
                67       1    1.0000    0.0000 (!)
                68       2    1.0000    0.5000 (!)
                74       1    1.0000    0.0000 (!)
                75       1    1.0000    0.0000 (!)
------------------------------------------------
  (!) n<50: 20(n=2), 21(n=4), 22(n=4), 23(n=17), 24(n=12), 25(n=5), 26(n=11), 27(n=5), 28(n=9), 29(n=10), 30(n=4), 31(n=7), 32(n=6), 33(n=5), 34(n=4), 35(n=5), 36(n=6), 37(n=8), 38(n=3), 39(n=2), 40(n=7), 41(n=4), 42(n=6), 43(n=4), 44(n=2), 45(n=3), 46(n=1), 47(n=5), 48(n=4), 49(n=3), 50(n=3), 51(n=2), 52(n=1), 53(n=2), 54(n=3), 55(n=1), 56(n=1), 57(n=2), 58(n=1), 59(n=1), 60(n=2), 61(n=2), 63(n=4), 64(n=2), 67(n=1), 68(n=2), 74(n=1), 75(n=1)
  Too few large groups for fairness comparison.
  Calibrated accuracy: 0.7850 (was 0.7200, Δ=+0.0650)
Training time: 0.329s
