[ACS Income] Downloading 2018 ACS data (California)...
  Shape: (195665, 10)
  Class balance:
 0    0.589426
1    0.410574
Name: proportion, dtype: float64
  [FairPreprocess] Dropped: ['SEX', 'RAC1P']
  [CART] Binarized: 251 features
============================================================
Model: CART  |  Dataset: acsincome
Params: max_depth=6, min_samples_split=10, min_samples_leaf=5
============================================================
Test accuracy:           0.7861
Majority-class baseline: 0.5894
Split features (63): OCCP <= 3329.5, WKHP <= 39.0, WKHP <= 31.5, RELP <= 1.5, AGEP <= 54.5, RELP <= 1.5, AGEP <= 54.5, SCHL <= 20.5, SCHL <= 17.5, SCHL <= 18.5, RELP <= 1.5, SCHL <= 20.5, SCHL <= 20.5, SCHL <= 20.5, OCCP <= 3030.0, AGEP <= 24.5, AGEP <= 27.5, WKHP <= 41.0, POBP <= 184.0, RELP <= 1.5, POBP <= 184.0, AGEP <= 32.0, WKHP <= 31.5, AGEP <= 26.0, AGEP <= 30.5, AGEP <= 30.5, AGEP <= 33.5, OCCP <= 1885.0, OCCP <= 1680.0, WKHP <= 22.0, AGEP <= 32.0, WKHP <= 41.0, RELP <= 9.5, SCHL <= 15.5, AGEP <= 24.5, AGEP <= 27.5, AGEP <= 30.5, SCHL <= 14.5, AGEP <= 35.0, AGEP <= 66.0, COW <= 6.5, POBP <= 384.5, OCCP <= 4780.0, WKHP <= 28.0, OCCP <= 9720.0, SCHL <= 17.5, SCHL <= 20.5, OCCP <= 1680.0, OCCP <= 1680.0, RELP <= 15.5, AGEP <= 24.5, COW <= 5.5, OCCP <= 1680.0, WKHP <= 43.0, AGEP <= 26.0, SCHL <= 22.5, POBP <= 111.0, OCCP <= 3199.0, AGEP <= 67.5, RELP <= 1.5, WKHP <= 18.0, WKHP <= 24.0, WKHP <= 28.0

Fairness — SEX:
           Group       n       Acc   PosRate
------------------------------------------------
               1.0   20720    0.7818    0.4490
               2.0   18413    0.7909    0.4122
------------------------------------------------
  Statistical parity diff:  0.0368  (max - min pos rate)
  Disparate impact ratio:   0.9180  (<0.8 usually unfair)
  Equal opportunity diff:   0.0451  (TPR gap)
  [FairCalibrate] SP diff: 0.0368 → 0.0000 (target rate=0.4317)

Fairness — SEX (calibrated):
           Group       n       Acc   PosRate
------------------------------------------------
               1.0   20720    0.7991    0.4317
               2.0   18413    0.8104    0.4317
------------------------------------------------
  Statistical parity diff:  0.0000  (max - min pos rate)
  Disparate impact ratio:   1.0000  (<0.8 usually unfair)
  Equal opportunity diff:   0.1012  (TPR gap)
  Calibrated accuracy: 0.8044 (was 0.7861, Δ=+0.0183)

Fairness — RAC1P:
           Group       n       Acc   PosRate
------------------------------------------------
               1.0   24075    0.7845    0.4535
               2.0    1758    0.7463    0.4084
               3.0     236    0.7839    0.2839
               4.0       5    0.8000    0.4000 (!)
               5.0      94    0.7979    0.2660
               6.0    6577    0.7782    0.5451
               7.0     133    0.7820    0.3083
               8.0    4596    0.8129    0.1902
               9.0    1659    0.8083    0.4002
------------------------------------------------
  (!) n<50: 4.0(n=5)
  Statistical parity diff:  0.3549  (max - min pos rate)
  Disparate impact ratio:   0.3489  (<0.8 usually unfair)
  Equal opportunity diff:   0.3303  (TPR gap)
  [FairCalibrate] SP diff: 0.3549 → 0.0362 (target rate=0.4317)

Fairness — RAC1P (calibrated):
           Group       n       Acc   PosRate
------------------------------------------------
               1.0   24075    0.8063    0.4317
               2.0    1758    0.7696    0.4317
               3.0     236    0.6610    0.4322
               4.0       5    0.8000    0.4000 (!)
               5.0      94    0.6702    0.4362
               6.0    6577    0.8916    0.4317
               7.0     133    0.6617    0.4286
               8.0    4596    0.6314    0.4317
               9.0    1659    0.8397    0.4316
------------------------------------------------
  (!) n<50: 4.0(n=5)
  Statistical parity diff:  0.0076  (max - min pos rate)
  Disparate impact ratio:   0.9826  (<0.8 usually unfair)
  Equal opportunity diff:   0.1972  (TPR gap)
  Calibrated accuracy: 0.7982 (was 0.7861, Δ=+0.0121)
Training time: 339.440s
