[ACS Income] Downloading 2018 ACS data (California)...
  Shape: (195665, 10)
  Class balance:
 0    0.589426
1    0.410574
Name: proportion, dtype: float64
  [FairPreprocess] Dropped: ['SEX', 'RAC1P']
============================================================
Model: CART  |  Dataset: acsincome
Params: max_depth=6, min_samples_split=10, min_samples_leaf=5
============================================================
Test accuracy:           0.7891
Majority-class baseline: 0.5894
Split features (63): OCCP, WKHP, WKHP, AGEP, RELP, AGEP, RELP, OCCP, SCHL, SCHL, SCHL, RELP, SCHL, SCHL, SCHL, AGEP, WKHP, OCCP, AGEP, AGEP, AGEP, AGEP, AGEP, WKHP, AGEP, POBP, RELP, POBP, WKHP, AGEP, AGEP, WKHP, WKHP, AGEP, RELP, SCHL, OCCP, WKHP, RELP, AGEP, WKHP, OCCP, COW, AGEP, RELP, OCCP, OCCP, SCHL, SCHL, OCCP, WKHP, OCCP, POBP, COW, AGEP, AGEP, SCHL, AGEP, OCCP, AGEP, SCHL, RELP, WKHP

Fairness — SEX:
           Group       n       Acc   PosRate
------------------------------------------------
               1.0   20720    0.7833    0.4448
               2.0   18413    0.7957    0.4070
------------------------------------------------
  Statistical parity diff:  0.0377  (max - min pos rate)
  Disparate impact ratio:   0.9152  (<0.8 usually unfair)
  Equal opportunity diff:   0.0476  (TPR gap)
  [FairCalibrate] SP diff: 0.0377 → 0.0000 (target rate=0.4270)

Fairness — SEX (calibrated):
           Group       n       Acc   PosRate
------------------------------------------------
               1.0   20720    0.8010    0.4270
               2.0   18413    0.8157    0.4270
------------------------------------------------
  Statistical parity diff:  0.0000  (max - min pos rate)
  Disparate impact ratio:   1.0000  (<0.8 usually unfair)
  Equal opportunity diff:   0.1052  (TPR gap)
  Calibrated accuracy: 0.8079 (was 0.7891, Δ=+0.0188)

Fairness — RAC1P:
           Group       n       Acc   PosRate
------------------------------------------------
               1.0   24075    0.7870    0.4502
               2.0    1758    0.7617    0.3976
               3.0     236    0.7839    0.2839
               4.0       5    0.8000    0.4000 (!)
               5.0      94    0.7872    0.2553
               6.0    6577    0.7798    0.5404
               7.0     133    0.7895    0.2857
               8.0    4596    0.8161    0.1830
               9.0    1659    0.8125    0.3900
------------------------------------------------
  (!) n<50: 4.0(n=5)
  Statistical parity diff:  0.3574  (max - min pos rate)
  Disparate impact ratio:   0.3386  (<0.8 usually unfair)
  Equal opportunity diff:   0.3371  (TPR gap)
  [FairCalibrate] SP diff: 0.3574 → 0.0286 (target rate=0.4270)

Fairness — RAC1P (calibrated):
           Group       n       Acc   PosRate
------------------------------------------------
               1.0   24075    0.8101    0.4270
               2.0    1758    0.7912    0.4272
               3.0     236    0.6907    0.4280
               4.0       5    0.8000    0.4000 (!)
               5.0      94    0.6170    0.4255
               6.0    6577    0.8931    0.4271
               7.0     133    0.6617    0.4286
               8.0    4596    0.6316    0.4271
               9.0    1659    0.8493    0.4268
------------------------------------------------
  (!) n<50: 4.0(n=5)
  Statistical parity diff:  0.0030  (max - min pos rate)
  Disparate impact ratio:   0.9929  (<0.8 usually unfair)
  Equal opportunity diff:   0.2646  (TPR gap)
  Calibrated accuracy: 0.8022 (was 0.7891, Δ=+0.0131)
Training time: 10.361s
