[ACS Income] Downloading 2018 ACS data (California)...
  Shape: (195665, 10)
  Class balance:
 0    0.589426
1    0.410574
Name: proportion, dtype: float64
============================================================
Model: SPLIT  |  Dataset: acsincome
Params: lookahead=2, depth=5, reg=0.001, leaf_fill=greedy, max_features=all
============================================================
  [Binarizer] 10 numeric, 0 categorical (of 10 total)
[SPLIT] Binarized features: 40, greedy leaves: 4, greedy loss: 0.264420
[Solver] 40 feats, top-40 candidates, leaf=0.411574, ub=0.264420
[Solver]   top: 0(nl=23132), 1(nl=26457), 2(nl=29846), 3(nl=33392), 4(nl=36793)
[SPLIT] Optimal prefix loss: 0.411574, leaves: 1
Test accuracy:           0.7460
Majority-class baseline: 0.5894
Number of leaves: 15
Split features (14): OCCP <= 3365.500000, AGEP <= 27.500000, AGEP <= 27.500000, SCHL <= 20.500000, SCHL <= 20.500000, AGEP <= 25.500000, SCHL <= 17.500000, AGEP <= 25.500000, AGEP <= 25.500000, AGEP <= 35.500000, AGEP <= 34.500000, AGEP <= 26.500000, AGEP <= 37.500000, AGEP <= 34.500000

Fairness — SEX:
           Group       n       Acc   PosRate
------------------------------------------------
               1.0   20720    0.7268    0.3347
               2.0   18413    0.7676    0.3640
------------------------------------------------
  Statistical parity diff:  0.0294  (max - min pos rate)
  Disparate impact ratio:   0.9193  (<0.8 usually unfair)
  Equal opportunity diff:   0.1237  (TPR gap)

Fairness — RAC1P:
           Group       n       Acc   PosRate
------------------------------------------------
               1.0   24075    0.7294    0.3721
               2.0    1758    0.7406    0.2844
               3.0     236    0.7373    0.2542
               4.0       5    0.8000    0.0000 (!)
               5.0      94    0.8085    0.1489
               6.0    6577    0.7564    0.4574
               7.0     133    0.7744    0.2256
               8.0    4596    0.8161    0.1212
               9.0    1659    0.7523    0.3068
------------------------------------------------
  (!) n<50: 4.0(n=5)
  Statistical parity diff:  0.3362  (max - min pos rate)
  Disparate impact ratio:   0.2650  (<0.8 usually unfair)
  Equal opportunity diff:   0.3836  (TPR gap)
Training time: 6.836s
{ feature: 26 [ left child: { feature: 2 [ left child: { feature: 19 [ left child: { feature: 0 [ left child: { prediction: 0, loss: 0.0009838243937341888 }, right child: { prediction: 0, loss: 0.0008305011115937954 }] }, right child: { feature: 0 [ left child: { prediction: 0, loss: 0.004714690925817085 }, right child: { prediction: 1, loss: 0.005781565430710654 }] }] }, right child: { feature: 19 [ left child: { feature: 8 [ left child: { prediction: 0, loss: 0.00629903150793448 }, right child: { prediction: 1, loss: 0.034836327396315134 }] }, right child: { feature: 7 [ left child: { prediction: 1, loss: 0.016194771676079012 }, right child: { prediction: 1, loss: 0.04109063961362533 }] }] }] }, right child: { feature: 2 [ left child: { feature: 0 [ left child: { prediction: 0, loss: 0.0033922776173561956 }, right child: { feature: 1 [ left child: { prediction: 0, loss: 0.0015715636419390286 }, right child: { prediction: 0, loss: 0.0017632177446145194 }] }] }, right child: { feature: 16 [ left child: { feature: 9 [ left child: { prediction: 0, loss: 0.006484297140520788 }, right child: { prediction: 0, loss: 0.03294534024991695 }] }, right child: { feature: 7 [ left child: { prediction: 0, loss: 0.013703268341297627 }, right child: { prediction: 0, loss: 0.08481971737408325 }] }] }] }] }
